[    0.000000] Initializing cgroup subsys cpuset
[    0.000000] Initializing cgroup subsys cpu
[    0.000000] Initializing cgroup subsys cpuacct
[    0.000000] Linux version 4.4.0-210-generic (buildd@lgw01-amd64-009) (gcc version 5.4.0 20160609 (Ubuntu 5.4.0-6ubuntu1~16.04.12) ) #242-Ubuntu SMP Fri Apr 16 09:57:56 UTC 2021 (Ubuntu 4.4.0-210.242-generic 4.4.262)
[    0.000000] Command line: BOOT_IMAGE=/boot/vmlinuz-4.4.0-210-generic root=LABEL=cloudimg-rootfs ro console=tty1 console=ttyS0
[    0.000000] KERNEL supported cpus:
[    0.000000]   Intel GenuineIntel
[    0.000000]   AMD AuthenticAMD
[    0.000000]   Centaur CentaurHauls
[    0.000000] x86/fpu: Legacy x87 FPU detected.
[    0.000000] e820: BIOS-provided physical RAM map:
[    0.000000] BIOS-e820: [mem 0x0000000000000000-0x000000000009fbff] usable
[    0.000000] BIOS-e820: [mem 0x000000000009fc00-0x000000000009ffff] reserved
[    0.000000] BIOS-e820: [mem 0x00000000000f0000-0x00000000000fffff] reserved
[    0.000000] BIOS-e820: [mem 0x0000000000100000-0x000000003ffeffff] usable
[    0.000000] BIOS-e820: [mem 0x000000003fff0000-0x000000003fffffff] ACPI data
[    0.000000] BIOS-e820: [mem 0x00000000fec00000-0x00000000fec00fff] reserved
[    0.000000] BIOS-e820: [mem 0x00000000fee00000-0x00000000fee00fff] reserved
[    0.000000] BIOS-e820: [mem 0x00000000fffc0000-0x00000000ffffffff] reserved
[    0.000000] NX (Execute Disable) protection: active
[    0.000000] SMBIOS 2.5 present.
[    0.000000] Hypervisor detected: KVM
[    0.000000] Kernel/User page tables isolation: disabled
[    0.000000] e820: last_pfn = 0x3fff0 max_arch_pfn = 0x400000000
[    0.000000] MTRR: Disabled
[    0.000000] x86/PAT: MTRRs disabled, skipping PAT initialization too.
[    0.000000] CPU MTRRs all blank - virtualized system.
[    0.000000] x86/PAT: Configuration [0-7]: WB  WT  UC- UC  WB  WT  UC- UC  
[    0.000000] found SMP MP-table at [mem 0x0009fff0-0x0009ffff] mapped at [ffff88000009fff0]
[    0.000000] Scanning 1 areas for low memory corruption
[    0.000000] RAMDISK: [mem 0x362dc000-0x37165fff]
[    0.000000] ACPI: Early table checksum verification disabled
[    0.000000] ACPI: RSDP 0x00000000000E0000 000024 (v02 VBOX  )
[    0.000000] ACPI: XSDT 0x000000003FFF0030 00003C (v01 VBOX   VBOXXSDT 00000001 ASL  00000061)
[    0.000000] ACPI: FACP 0x000000003FFF00F0 0000F4 (v04 VBOX   VBOXFACP 00000001 ASL  00000061)
[    0.000000] ACPI: DSDT 0x000000003FFF0610 002353 (v02 VBOX   VBOXBIOS 00000002 INTL 20100528)
[    0.000000] ACPI: FACS 0x000000003FFF0200 000040
[    0.000000] ACPI: FACS 0x000000003FFF0200 000040
[    0.000000] ACPI: APIC 0x000000003FFF0240 00005C (v02 VBOX   VBOXAPIC 00000001 ASL  00000061)
[    0.000000] ACPI: SSDT 0x000000003FFF02A0 00036C (v01 VBOX   VBOXCPUT 00000002 INTL 20100528)
[    0.000000] No NUMA configuration found
[    0.000000] Faking a node at [mem 0x0000000000000000-0x000000003ffeffff]
[    0.000000] NODE_DATA(0) allocated [mem 0x3ffeb000-0x3ffeffff]
[    0.000000] kvm-clock: Using msrs 4b564d01 and 4b564d00
[    0.000000] kvm-clock: cpu 0, msr 0:3ffe3001, primary cpu clock
[    0.000000] kvm-clock: using sched offset of 4199738695 cycles
[    0.000000] clocksource: kvm-clock: mask: 0xffffffffffffffff max_cycles: 0x1cd42e4dffb, max_idle_ns: 881590591483 ns
[    0.000000] Zone ranges:
[    0.000000]   DMA      [mem 0x0000000000001000-0x0000000000ffffff]
[    0.000000]   DMA32    [mem 0x0000000001000000-0x000000003ffeffff]
[    0.000000]   Normal   empty
[    0.000000]   Device   empty
[    0.000000] Movable zone start for each node
[    0.000000] Early memory node ranges
[    0.000000]   node   0: [mem 0x0000000000001000-0x000000000009efff]
[    0.000000]   node   0: [mem 0x0000000000100000-0x000000003ffeffff]
[    0.000000] Initmem setup node 0 [mem 0x0000000000001000-0x000000003ffeffff]
[    0.000000] ACPI: PM-Timer IO Port: 0x4008
[    0.000000] IOAPIC[0]: apic_id 2, version 32, address 0xfec00000, GSI 0-23
[    0.000000] ACPI: INT_SRC_OVR (bus 0 bus_irq 0 global_irq 2 dfl dfl)
[    0.000000] ACPI: INT_SRC_OVR (bus 0 bus_irq 9 global_irq 9 low level)
[    0.000000] Using ACPI (MADT) for SMP configuration information
[    0.000000] smpboot: Allowing 2 CPUs, 0 hotplug CPUs
[    0.000000] PM: Registered nosave memory: [mem 0x00000000-0x00000fff]
[    0.000000] PM: Registered nosave memory: [mem 0x0009f000-0x0009ffff]
[    0.000000] PM: Registered nosave memory: [mem 0x000a0000-0x000effff]
[    0.000000] PM: Registered nosave memory: [mem 0x000f0000-0x000fffff]
[    0.000000] e820: [mem 0x40000000-0xfebfffff] available for PCI devices
[    0.000000] Booting paravirtualized kernel on KVM
[    0.000000] clocksource: refined-jiffies: mask: 0xffffffff max_cycles: 0xffffffff, max_idle_ns: 7645519600211568 ns
[    0.000000] setup_percpu: NR_CPUS:512 nr_cpumask_bits:512 nr_cpu_ids:2 nr_node_ids:1
[    0.000000] PERCPU: Embedded 33 pages/cpu @ffff88003fc00000 s95192 r8192 d31784 u1048576
[    0.000000] Built 1 zonelists in Node order, mobility grouping on.  Total pages: 257912
[    0.000000] Policy zone: DMA32
[    0.000000] Kernel command line: BOOT_IMAGE=/boot/vmlinuz-4.4.0-210-generic root=LABEL=cloudimg-rootfs ro console=tty1 console=ttyS0
[    0.000000] PID hash table entries: 4096 (order: 3, 32768 bytes)
[    0.000000] Memory: 997792K/1048120K available (8644K kernel code, 1332K rwdata, 4044K rodata, 1492K init, 1164K bss, 50328K reserved, 0K cma-reserved)
[    0.000000] SLUB: HWalign=64, Order=0-3, MinObjects=0, CPUs=2, Nodes=1
[    0.000000] Hierarchical RCU implementation.
[    0.000000] 	Build-time adjustment of leaf fanout to 64.
[    0.000000] 	RCU restricting CPUs from NR_CPUS=512 to nr_cpu_ids=2.
[    0.000000] RCU: Adjusting geometry for rcu_fanout_leaf=64, nr_cpu_ids=2
[    0.000000] NR_IRQS:33024 nr_irqs:440 16
[    0.000000] Console: colour VGA+ 80x25
[    0.000000] console [tty1] enabled
[    0.000000] console [ttyS0] enabled
[    0.000000] tsc: Detected 1113.603 MHz processor
[    0.691211] Calibrating delay loop (skipped) preset value.. 2227.20 BogoMIPS (lpj=4454412)
[    0.700725] pid_max: default: 32768 minimum: 301
[    0.706259] ACPI: Core revision 20150930
[    0.712599] ACPI: 2 ACPI AML tables successfully acquired and loaded
[    0.720126] Security Framework initialized
[    0.724713] Yama: becoming mindful.
[    0.730702] AppArmor: AppArmor initialized
[    0.737637] Dentry cache hash table entries: 131072 (order: 8, 1048576 bytes)
[    0.754200] Inode-cache hash table entries: 65536 (order: 7, 524288 bytes)
[    0.769998] Mount-cache hash table entries: 2048 (order: 2, 16384 bytes)
[    0.780730] Mountpoint-cache hash table entries: 2048 (order: 2, 16384 bytes)
[    0.792812] Initializing cgroup subsys io
[    0.797302] Initializing cgroup subsys memory
[    0.803155] Initializing cgroup subsys devices
[    0.809052] Initializing cgroup subsys freezer
[    0.813580] Initializing cgroup subsys net_cls
[    0.818736] Initializing cgroup subsys perf_event
[    0.823654] Initializing cgroup subsys net_prio
[    0.828662] Initializing cgroup subsys hugetlb
[    0.834940] Initializing cgroup subsys pids
[    0.851871] mce: CPU supports 0 MCE banks
[    0.858440] Last level iTLB entries: 4KB 0, 2MB 0, 4MB 0
[    0.864699] Last level dTLB entries: 4KB 0, 2MB 0, 4MB 0, 1GB 0
[    0.873228] Spectre V1 : Mitigation: usercopy/swapgs barriers and __user pointer sanitization
[    0.886997] Spectre V2 : Mitigation: Enhanced IBRS
[    0.893032] Spectre V2 : Spectre v2 / SpectreRSB mitigation: Filling RSB on context switch
[    0.906144] Speculative Store Bypass: Vulnerable
[    0.956087] Freeing SMP alternatives memory: 36K
[    1.050152] ftrace: allocating 32380 entries in 127 pages
[    1.634623] smpboot: APIC(0) Converting physical 0 to logical package 0
[    1.643113] smpboot: Max logical packages: 1
[    1.662951] ..TIMER: vector=0x30 apic1=0 pin1=2 apic2=-1 pin2=-1
[    1.778632] APIC calibration not consistent with PM-Timer: 102ms instead of 100ms
[    1.785982] APIC delta adjusted to PM-Timer: 6298744 (6474358)
[    1.792265] smpboot: CPU0: Intel(R) Celeron(R) N4500 @ 1.10GHz (family: 0x6, model: 0x9c, stepping: 0x0)
[    1.801781] Performance Events: unsupported p6 CPU model 156 no PMU driver, software events only.
[    1.899792] KVM setup paravirtual spinlock
[    1.909617] x86: Booting SMP configuration:
[    1.913948] .... node  #0, CPUs:      #1
[    1.920721] kvm-clock: cpu 1, msr 0:3ffe3041, secondary cpu clock
[    1.937466] mce: CPU supports 0 MCE banks
[    1.941623] TSC synchronization [CPU#0 -> CPU#1]:
[    1.946661] Measured 63470 cycles TSC warp between CPUs, turning off TSC clock.
[    1.955725] tsc: Marking TSC unstable due to check_tsc_sync_source failed
[    0.556649] x86: Booted up 1 node, 2 CPUs
[    0.560007] smpboot: Total of 2 processors activated (4454.41 BogoMIPS)
[    0.572098] devtmpfs: initialized
[    0.578280] evm: security.selinux
[    0.584010] evm: security.SMACK64
[    0.588004] evm: security.SMACK64EXEC
[    0.592004] evm: security.SMACK64TRANSMUTE
[    0.596005] evm: security.SMACK64MMAP
[    0.600005] evm: security.ima
[    0.604005] evm: security.capability
[    0.608457] clocksource: jiffies: mask: 0xffffffff max_cycles: 0xffffffff, max_idle_ns: 7645041785100000 ns
[    0.612033] futex hash table entries: 512 (order: 3, 32768 bytes)
[    0.616602] pinctrl core: initialized pinctrl subsystem
[    0.620662] RTC time: 18:03:53, date: 05/11/23
[    0.629418] NET: Registered protocol family 16
[    0.644025] cpuidle: using governor ladder
[    0.660024] cpuidle: using governor menu
[    0.664000] PCCT header not found.
[    0.664336] ACPI: bus type PCI registered
[    0.668006] acpiphp: ACPI Hot Plug PCI Controller Driver version: 0.5
[    0.672611] PCI: Using configuration type 1 for base access
[    0.696310] ACPI: Added _OSI(Module Device)
[    0.700011] ACPI: Added _OSI(Processor Device)
[    0.708005] ACPI: Added _OSI(3.0 _SCP Extensions)
[    0.716007] ACPI: Added _OSI(Processor Aggregator Device)
[    0.724519] ACPI: Executed 1 blocks of module-level executable AML code
[    0.737855] ACPI: Interpreter enabled
[    0.740026] ACPI: (supports S0 S5)
[    0.743562] ACPI: Using IOAPIC for interrupt routing
[    0.744573] PCI: Using host bridge windows from ACPI; if necessary, use "pci=nocrs" and report a bug
[    0.758944] ACPI: PCI Root Bridge [PCI0] (domain 0000 [bus 00-ff])
[    0.760025] acpi PNP0A03:00: _OSC: OS supports [ASPM ClockPM Segments MSI]
[    0.764992] acpi PNP0A03:00: _OSC: not requesting OS control; OS requires [ExtendedConfig ASPM ClockPM MSI]
[    0.768028] acpi PNP0A03:00: fail to add MMCONFIG information, can't access extended PCI configuration space under this bridge.
[    0.772943] PCI host bridge to bus 0000:00
[    0.776012] pci_bus 0000:00: root bus resource [io  0x0000-0x0cf7 window]
[    0.780008] pci_bus 0000:00: root bus resource [io  0x0d00-0xffff window]
[    0.784005] pci_bus 0000:00: root bus resource [mem 0x000a0000-0x000bffff window]
[    0.788006] pci_bus 0000:00: root bus resource [mem 0x40000000-0xfdffffff window]
[    0.792008] pci_bus 0000:00: root bus resource [bus 00-ff]
[    0.806440] pci 0000:00:01.1: legacy IDE quirk: reg 0x10: [io  0x01f0-0x01f7]
[    0.808006] pci 0000:00:01.1: legacy IDE quirk: reg 0x14: [io  0x03f6]
[    0.812005] pci 0000:00:01.1: legacy IDE quirk: reg 0x18: [io  0x0170-0x0177]
[    0.816009] pci 0000:00:01.1: legacy IDE quirk: reg 0x1c: [io  0x0376]
[    0.851220] pci 0000:00:07.0: quirk: [io  0x4000-0x403f] claimed by PIIX4 ACPI
[    0.852050] pci 0000:00:07.0: quirk: [io  0x4100-0x410f] claimed by PIIX4 SMB
[    0.868769] ACPI: PCI Interrupt Link [LNKA] (IRQs 5 9 10 *11)
[    0.875453] ACPI: PCI Interrupt Link [LNKB] (IRQs 5 9 *10 11)
[    0.883279] ACPI: PCI Interrupt Link [LNKC] (IRQs 5 *9 10 11)
[    0.888854] ACPI: PCI Interrupt Link [LNKD] (IRQs 5 9 10 *11)
[    0.897434] ACPI: Enabled 2 GPEs in block 00 to 07
[    0.904133] vgaarb: setting as boot device: PCI:0000:00:02.0
[    0.908000] vgaarb: device added: PCI:0000:00:02.0,decodes=io+mem,owns=io+mem,locks=none
[    0.908006] vgaarb: loaded
[    0.912004] vgaarb: bridge control possible 0000:00:02.0
[    0.916503] SCSI subsystem initialized
[    0.924170] ACPI: bus type USB registered
[    0.928000] usbcore: registered new interface driver usbfs
[    0.928057] usbcore: registered new interface driver hub
[    0.932016] usbcore: registered new device driver usb
[    0.936620] PCI: Using ACPI for IRQ routing
[    0.940919] NetLabel: Initializing
[    0.944005] NetLabel:  domain hash size = 128
[    0.948003] NetLabel:  protocols = UNLABELED CIPSOv4
[    0.952024] NetLabel:  unlabeled traffic allowed by default
[    0.956175] amd_nb: Cannot enumerate AMD northbridges
[    0.960412] clocksource: Switched to clocksource kvm-clock
[    0.983052] AppArmor: AppArmor Filesystem Enabled
[    0.983052] pnp: PnP ACPI init
[    0.983052] pnp: PnP ACPI: found 3 devices
[    1.067079] clocksource: acpi_pm: mask: 0xffffff max_cycles: 0xffffff, max_idle_ns: 2085701024 ns
[    1.068528] NET: Registered protocol family 2
[    1.081696] TCP established hash table entries: 8192 (order: 4, 65536 bytes)
[    1.084704] TCP bind hash table entries: 8192 (order: 5, 131072 bytes)
[    1.084704] TCP: Hash tables configured (established 8192 bind 8192)
[    1.084704] UDP hash table entries: 512 (order: 2, 16384 bytes)
[    1.084704] UDP-Lite hash table entries: 512 (order: 2, 16384 bytes)
[    1.084704] NET: Registered protocol family 1
[    1.084704] pci 0000:00:00.0: Limiting direct PCI/PCI transfers
[    1.084704] pci 0000:00:01.0: Activating ISA DMA hang workarounds
[    1.084704] Unpacking initramfs...
[    1.604104] Freeing initrd memory: 14888K
[    1.612745] clocksource: tsc: mask: 0xffffffffffffffff max_cycles: 0x100d4ba3281, max_idle_ns: 440795247735 ns
[    1.629304] platform rtc_cmos: registered platform RTC device (no PNP device found)
[    1.638207] Scanning for low memory corruption every 60 seconds
[    1.646547] audit: initializing netlink subsys (disabled)
[    1.653495] audit: type=2000 audit(1683828238.757:1): initialized
[    1.660014] Initialise system trusted keyring
[    1.666124] HugeTLB registered 2 MB page size, pre-allocated 0 pages
[    1.676190] zbud: loaded
[    1.680923] VFS: Disk quotas dquot_6.6.0
[    1.685475] VFS: Dquot-cache hash table entries: 512 (order 0, 4096 bytes)
[    1.693216] squashfs: version 4.0 (2009/01/31) Phillip Lougher
[    1.701553] fuse init (API version 7.23)
[    1.707435] Key type big_key registered
[    1.712423] Allocating IMA MOK and blacklist keyrings.
[    1.727151] Key type asymmetric registered
[    1.732408] Asymmetric key parser 'x509' registered
[    1.737770] Block layer SCSI generic (bsg) driver version 0.4 loaded (major 249)
[    1.746185] io scheduler noop registered
[    1.750629] io scheduler deadline registered (default)
[    1.756734] io scheduler cfq registered
[    1.761547] pci_hotplug: PCI Hot Plug PCI Core version: 0.5
[    1.768658] pciehp: PCI Express Hot Plug Controller Driver version: 0.4
[    1.778354] ACPI: AC Adapter [AC] (on-line)
[    1.784616] input: Power Button as /devices/LNXSYSTM:00/LNXPWRBN:00/input/input0
[    1.796969] ACPI: Power Button [PWRF]
[    1.802621] input: Sleep Button as /devices/LNXSYSTM:00/LNXSLPBN:00/input/input1
[    1.811206] ACPI: Sleep Button [SLPF]
[    1.817941] GHES: HEST is not enabled!
[    1.821755] ACPI: Battery Slot [BAT0] (battery present)
[    1.830917] Serial: 8250/16550 driver, 32 ports, IRQ sharing enabled
[    1.872105] 00:02: ttyS0 at I/O 0x3f8 (irq = 4, base_baud = 115200) is a 16550A
[    1.883124] Linux agpgart interface v0.103
[    1.899995] loop: module loaded
[    1.907154] scsi host0: ata_piix
[    1.912393] scsi host1: ata_piix
[    1.915954] ata1: PATA max UDMA/33 cmd 0x1f0 ctl 0x3f6 bmdma 0xd000 irq 14
[    1.923079] ata2: PATA max UDMA/33 cmd 0x170 ctl 0x376 bmdma 0xd008 irq 15
[    1.930202] libphy: Fixed MDIO Bus: probed
[    1.936829] tun: Universal TUN/TAP device driver, 1.6
[    1.942698] tun: (C) 1999-2004 Max Krasnyansky <maxk@qualcomm.com>
[    1.949078] PPP generic driver version 2.4.2
[    1.955351] ehci_hcd: USB 2.0 'Enhanced' Host Controller (EHCI) Driver
[    1.964438] ehci-pci: EHCI PCI platform driver
[    1.970440] ehci-platform: EHCI generic platform driver
[    1.976246] ohci_hcd: USB 1.1 'Open' Host Controller (OHCI) Driver
[    1.982917] ohci-pci: OHCI PCI platform driver
[    1.987735] ohci-platform: OHCI generic platform driver
[    1.993283] uhci_hcd: USB Universal Host Controller Interface driver
[    1.999623] i8042: PNP: PS/2 Controller [PNP0303:PS2K,PNP0f03:PS2M] at 0x60,0x64 irq 1,12
[    2.011634] serio: i8042 KBD port at 0x60,0x64 irq 1
[    2.017025] serio: i8042 AUX port at 0x60,0x64 irq 12
[    2.023016] mousedev: PS/2 mouse device common for all mice
[    2.030617] input: AT Translated Set 2 keyboard as /devices/platform/i8042/serio0/input/input2
[    2.040955] rtc_cmos rtc_cmos: rtc core: registered rtc_cmos as rtc0
[    2.048720] rtc_cmos rtc_cmos: alarms up to one day, 114 bytes nvram
[    2.054748] i2c /dev entries driver
[    2.058217] device-mapper: uevent: version 1.0.3
[    2.063396] device-mapper: ioctl: 4.34.0-ioctl (2015-10-28) initialised: dm-devel@redhat.com
[    2.071616] ledtrig-cpu: registered to indicate activity on CPUs
[    2.080591] NET: Registered protocol family 10
[    2.086098] NET: Registered protocol family 17
[    2.090715] Key type dns_resolver registered
[    2.098074] registered taskstats version 1
[    2.102244] Loading compiled-in X.509 certificates
[    2.110917] Loaded X.509 cert 'Build time autogenerated kernel key: cf00e047681d67edb2720680708b7d9498083038'
[    2.110917] zswap: loaded using pool lzo/zbud
[    2.180742] Key type trusted registered
[    2.194989] Key type encrypted registered
[    2.199855] AppArmor: AppArmor sha1 policy hashing enabled
[    2.205241] ima: No TPM chip found, activating TPM-bypass!
[    2.210944] ima: Allocated hash algorithm: sha1
[    2.215937] evm: HMAC attrs: 0x1
[    2.221089]   Magic number: 7:243:89
[    2.226004] rtc_cmos rtc_cmos: setting system clock to 2023-05-11 18:03:54 UTC (1683828234)
[    2.235498] BIOS EDD facility v0.16 2004-Jun-25, 0 devices found
[    2.242503] EDD information not available.
[    2.249652] Freeing unused kernel memory: 1492K
[    2.254643] Write protecting the kernel read-only data: 14336k
[    2.263051] Freeing unused kernel memory: 1584K
[    2.268756] Freeing unused kernel memory: 52K
Loading, please wait...
starting version 229
[    2.314075] random: systemd-udevd: uninitialized urandom read (16 bytes read, 9 bits of entropy available)
[    2.315344] random: udevadm: uninitialized urandom read (16 bytes read, 9 bits of entropy available)
[    2.315373] random: udevadm: uninitialized urandom read (16 bytes read, 9 bits of entropy available)
[    2.333711] random: udevadm: uninitialized urandom read (16 bytes read, 9 bits of entropy available)
[    2.333796] random: udevadm: uninitialized urandom read (16 bytes read, 9 bits of entropy available)
[    2.334021] random: udevadm: uninitialized urandom read (16 bytes read, 9 bits of entropy available)
[    2.334557] random: udevadm: uninitialized urandom read (16 bytes read, 9 bits of entropy available)
[    2.334931] random: udevadm: uninitialized urandom read (16 bytes read, 9 bits of entropy available)
[    2.335119] random: udevadm: uninitialized urandom read (16 bytes read, 9 bits of entropy available)
[    2.335300] random: udevadm: uninitialized urandom read (16 bytes read, 9 bits of entropy available)
[    2.471277] e1000: Intel(R) PRO/1000 Network Driver - version 7.3.21-k8-NAPI
[    2.478689] e1000: Copyright (c) 1999-2006 Intel Corporation.
[    2.525220] Fusion MPT base driver 3.04.20
[    2.529523] Copyright (c) 1999-2008 LSI Corporation
[    2.542355] SSE version of gcm_enc/dec engaged.
[    2.583039] Fusion MPT SPI Host driver 3.04.20
[    2.752863] input: ImExPS/2 Generic Explorer Mouse as /devices/platform/i8042/serio1/input/input4
[    3.588348] e1000 0000:00:03.0 eth0: (PCI:33MHz:32-bit) 02:be:82:6b:cc:1d
[    3.595854] e1000 0000:00:03.0 eth0: Intel(R) PRO/1000 Network Connection
[    3.607604] mptbase: ioc0: Initiating bringup
[    3.832478] ioc0: LSI53C1030 A0: Capabilities={Initiator}
[    5.235959] scsi host2: ioc0: LSI53C1030 A0, FwRev=00000000h, Ports=1, MaxQ=256, IRQ=20
[    5.393283] scsi 2:0:0:0: Direct-Access     VBOX     HARDDISK         1.0  PQ: 0 ANSI: 5
[    5.404626] scsi target2:0:0: Beginning Domain Validation
[    5.418129] scsi target2:0:0: Domain Validation skipping write tests
[    5.425388] scsi target2:0:0: Ending Domain Validation
[    5.431365] scsi target2:0:0: asynchronous
[    5.443016] scsi 2:0:1:0: Direct-Access     VBOX     HARDDISK         1.0  PQ: 0 ANSI: 5
[    5.452947] scsi target2:0:1: Beginning Domain Validation
[    5.465667] scsi target2:0:1: Domain Validation skipping write tests
[    5.473324] scsi target2:0:1: Ending Domain Validation
[    5.479949] scsi target2:0:1: asynchronous
[    5.506110] sd 2:0:0:0: Attached scsi generic sg0 type 0
[    5.514122] sd 2:0:1:0: Attached scsi generic sg1 type 0
[    5.522092] sd 2:0:1:0: [sdb] 20480 512-byte logical blocks: (10.5 MB/10.0 MiB)
[    5.555591] sd 2:0:0:0: [sda] 83886080 512-byte logical blocks: (42.9 GB/40.0 GiB)
[    5.565535] sd 2:0:0:0: [sda] Write Protect is off
[    5.572677] sd 2:0:0:0: [sda] Incomplete mode parameter data
[    5.579785] sd 2:0:0:0: [sda] Assuming drive cache: write through
[    5.591280] sd 2:0:1:0: [sdb] Write Protect is off
[    5.597546]  sda: sda1
[    5.603577] sd 2:0:0:0: [sda] Attached SCSI disk
[    5.608982] sd 2:0:1:0: [sdb] Incomplete mode parameter data
[    5.614480] sd 2:0:1:0: [sdb] Assuming drive cache: write through
[    5.630030] sd 2:0:1:0: [sdb] Attached SCSI disk
[    6.318936] e1000 0000:00:08.0 eth1: (PCI:33MHz:32-bit) 08:00:27:d9:f9:cc
[    6.326565] e1000 0000:00:08.0 eth1: Intel(R) PRO/1000 Network Connection
[    6.338787] e1000 0000:00:03.0 enp0s3: renamed from eth0
[    6.361421] e1000 0000:00:08.0 enp0s8: renamed from eth1
Begin: Loading essential drivers ... [    8.222200] md: linear personality registered for level -1
[    8.234326] md: multipath personality registered for level -4
[    8.247133] md: raid0 personality registered for level 0
[    8.269575] md: raid1 personality registered for level 1
[    8.349306] raid6: sse2x1   gen()  7528 MB/s
[    9.344865] raid6: sse2x1   xor() 79543 MB/s
[   10.339522] raid6: sse2x2   gen() 152165 MB/s
[   11.345256] raid6: sse2x2   xor() 95843 MB/s
[   12.344256] raid6: sse2x4   gen() 168266 MB/s
[   14.343879] raid6: sse2x4   xor() 96952 MB/s
[   14.349480] raid6: using algorithm sse2x4 gen() 168266 MB/s
[   14.355462] raid6: .... xor() 96952 MB/s, rmw enabled
[   14.361545] raid6: using ssse3x2 recovery algorithm
[   14.372458] xor: measuring software checksum speed
[   14.416195]    prefetch64-sse: 13831.000 MB/sec
[   14.460303]    generic_sse: 12013.000 MB/sec
[   14.465343] xor: using function: prefetch64-sse (13831.000 MB/sec)
[   14.475268] async_tx: api initialized (async)
[   14.532561] md: raid6 personality registered for level 6
[   14.538047] md: raid5 personality registered for level 5
[   14.543478] md: raid4 personality registered for level 4
[   14.572988] md: raid10 personality registered for level 10
done.
Begin: Running /scripts/init-premount ... done.
Begin: Mounting root file system ... Begin: Running /scripts/local-top ... done.
Begin: Running /scripts/local-premount ... [   14.675831] Btrfs loaded
Scanning for Btrfs filesystems
done.
Warning: fsck not present, so skipping root file system
[   14.760979] EXT4-fs (sda1): mounted filesystem with ordered data mode. Opts: (null)
done.
Begin: Running /scripts/local-bottom ... done.
Begin: Running /scripts/init-bottom ... done.
[   15.095198] systemd[1]: systemd 229 running in system mode. (+PAM +AUDIT +SELINUX +IMA +APPARMOR +SMACK +SYSVINIT +UTMP +LIBCRYPTSETUP +GCRYPT +GNUTLS +ACL +XZ -LZ4 +SECCOMP +BLKID +ELFUTILS +KMOD -IDN)
[   15.112806] systemd[1]: Detected virtualization oracle.
[   15.118469] systemd[1]: Detected architecture x86-64.

Welcome to [1mUbuntu 16.04.7 LTS[0m!

[   15.136633] systemd[1]: Set hostname to <ubuntu>.
[   15.152087] systemd[1]: Initializing machine ID from random generator.
[   15.156174] systemd[1]: Installed transient /etc/machine-id file.
[   15.647176] systemd[1]: Listening on Device-mapper event daemon FIFOs.
[[0;32m  OK  [0m] Listening on Device-mapper event daemon FIFOs.
[   15.659840] systemd[1]: Listening on Journal Socket.
[[0;32m  OK  [0m] Listening on Journal Socket.
[   15.668996] systemd[1]: Listening on udev Control Socket.
[[0;32m  OK  [0m] Listening on udev Control Socket.
[   15.678328] systemd[1]: Listening on Journal Audit Socket.
[[0;32m  OK  [0m] Listening on Journal Audit Socket.
[   15.687598] systemd[1]: Reached target Swap.
[[0;32m  OK  [0m] Reached target Swap.
[   15.695642] systemd[1]: Reached target System Time Synchronized.
[[0;32m  OK  [0m] Reached target System Time Synchronized.
[   15.706635] systemd[1]: Listening on /dev/initctl Compatibility Named Pipe.
[[0;32m  OK  [0m] Listening on /dev/initctl Compatibility Named Pipe.
[   15.719078] systemd[1]: Set up automount Arbitrary Executable File Formats File System Automount Point.
[[0;32m  OK  [0m] Set up automount Arbitrary Executab...ats File System Automount Point.
[   15.733997] systemd[1]: Started Trigger resolvconf update for networkd DNS.
[[0;32m  OK  [0m] Started Trigger resolvconf update for networkd DNS.
[   15.746298] systemd[1]: Created slice User and Session Slice.
[[0;32m  OK  [0m] Created slice User and Session Slice.
[   15.755964] systemd[1]: Listening on Syslog Socket.
[[0;32m  OK  [0m] Listening on Syslog Socket.
[   15.764652] systemd[1]: Listening on Journal Socket (/dev/log).
[[0;32m  OK  [0m] Listening on Journal Socket (/dev/log).
[   15.773642] random: nonblocking pool is initialized
[   15.778627] systemd[1]: Listening on LVM2 poll daemon socket.
[[0;32m  OK  [0m] Listening on LVM2 poll daemon socket.
[   15.788057] systemd[1]: Listening on udev Kernel Socket.
[[0;32m  OK  [0m] Listening on udev Kernel Socket.
[   15.796610] systemd[1]: Reached target Encrypted Volumes.
[[0;32m  OK  [0m] Reached target Encrypted Volumes.
[   15.805541] systemd[1]: Reached target User and Group Name Lookups.
[[0;32m  OK  [0m] Reached target User and Group Name Lookups.
[   15.815679] systemd[1]: Listening on fsck to fsckd communication Socket.
[[0;32m  OK  [0m] Listening on fsck to fsckd communication Socket.
[   15.826689] systemd[1]: Created slice System Slice.
[[0;32m  OK  [0m] Created slice System Slice.
[   15.836257] systemd[1]: Reached target Slices.
[[0;32m  OK  [0m] Reached target Slices.
[   15.860339] systemd[1]: Starting Nameserver information manager...
         Starting Nameserver information manager...
[   15.871930] systemd[1]: Starting Set console keymap...
         Starting Set console keymap...
[   15.892515] systemd[1]: Starting File System Check on Root Device...
         Starting File System Check on Root Device...
[   15.911601] systemd[1]: Created slice system-serial\x2dgetty.slice.
[[0;32m  OK  [0m] Created slice system-serial\x2dgetty.slice.
[   15.927063] systemd[1]: Mounting POSIX Message Queue File System...
         Mounting POSIX Message Queue File System...
[   15.952851] systemd[1]: Starting Journal Service...
         Starting Journal Service...
[   15.975557] systemd[1]: Starting Create list of required static device nodes for the current kernel...
         Starting Create list of required st... nodes for the current kernel...
[   16.001068] systemd[1]: Mounting Huge Pages File System...
         Mounting Huge Pages File System...
[   16.024290] systemd[1]: Starting Load Kernel Modules...
         Starting Load Kernel Modules...
[   16.038622] systemd[1]: Starting Uncomplicated firewall...
         Starting Uncomplicated firewall...
[   16.055844] systemd[1]: Mounting Debug File System...
[   16.067834] Loading iSCSI transport class v2.0-870.
         Mounting Debug File System...
[   16.075912] systemd[1]: Listening on LVM2 metadata daemon socket.
[[0;32m  OK  [0m] Listening on LVM2 metadata daemon socket.
[   16.089069] systemd[1]: Starting Monitoring of LVM2 mirrors, snapshots etc. using dmeventd or progress polling...
         Starting Monitoring of LVM2 mirrors... dmeventd or progress polling...[   16.110933] iscsi: registered transport (tcp)

[   16.115123] systemd[1]: Started Forward Password Requests to Wall Directory Watch.
[[0;32m  OK  [0m] Started Forward Password Requests to Wall Directory Watch.
[   16.161700] systemd[1]: Mounted Huge Pages File System.
[[0;32m  OK  [0m] Mounted Huge Pages File System.
[   16.178437] systemd[1]: Mounted POSIX Message Queue File System.
[[0;32m  OK  [0m] Mounted POSIX Message Queue File System.
[   16.195978] systemd[1]: Mounted Debug File System.
[[0;32m  OK  [0m] Mounted Debug File System.
[   16.213090] systemd[1]: Started Journal Service.
[[0;32m  OK  [0m] Started Journal Service.
[[0;32m  OK  [0m] Started Set console keymap.
[   16.260657] iscsi: registered transport (iser)
[[0;32m  OK  [0m] Started File System Check on Root Device.
[[0;32m  OK  [0m] Started Create list of required sta...ce nodes for the current kernel.
[[0;32m  OK  [0m] Started Load Kernel Modules.
[[0;32m  OK  [0m] Started Uncomplicated firewall.
[[0;32m  OK  [0m] Started Nameserver information manager.
[[0;32m  OK  [0m] Started LVM2 metadata daemon.
[[0;32m  OK  [0m] Started File System Check Daemon to report status.
         Starting Apply Kernel Variables...
         Mounting FUSE Control File System...
         Starting Create Static Device Nodes in /dev...
         Starting Remount Root and Kernel File Systems...
[[0;32m  OK  [0m] Mounted FUSE Control File System.
[[0;32m  OK  [0m] Started Apply Kernel Variables.
[[0;32m  OK  [0m] Started Remount Root and Kernel File Systems.
         Starting Flush Journal to Persistent Storage...
         Starting Load/Save Random Seed...
         Starting udev Coldplug all Devices...
[[0;32m  OK  [0m] Started Create Static Device Nodes in /dev.
[[0;32m  OK  [0m] Started Load/Save Random Seed.
         Starting udev Kernel Device Manager...
[[0;32m  OK  [0m] Started Flush Journal to Persistent Storage.
[[0;32m  OK  [0m] Started udev Coldplug all Devices.
[[0;32m  OK  [0m] Started udev Kernel Device Manager.
[[0;32m  OK  [0m] Started Dispatch Password Requests to Console Directory Watch.
[[0;32m  OK  [0m] Started Monitoring of LVM2 mirrors,...ng dmeventd or progress polling.
[[0;32m  OK  [0m] Reached target Local File Systems (Pre).
[[0;32m  OK  [0m] Reached target Local File Systems.
         Starting Initial cloud-init job (pre-networking)...
         Starting Create Volatile Files and Directories...
         Starting Tell Plymouth To Write Out Runtime Data...
         Starting LSB: AppArmor initialization...
         Starting Commit a transient machine-id on disk...
         Starting Set console font and keymap...
[[0;32m  OK  [0m] Started Create Volatile Files and Directories.
[[0;32m  OK  [0m] Started Tell Plymouth To Write Out Runtime Data.
[[0;32m  OK  [0m] Started Commit a transient machine-id on disk.
[[0;32m  OK  [0m] Found device /dev/ttyS0.
         Starting Update UTMP about System Boot/Shutdown...
[[0;32m  OK  [0m] Started Update UTMP about System Boot/Shutdown.
[[0;32m  OK  [0m] Listening on Load/Save RF Kill Switch Status /dev/rfkill Watch.
[[0;32m  OK  [0m] Started LSB: AppArmor initialization.
[   19.415987] cloud-init[488]: Cloud-init v. 21.1-19-gbad84ad4-0ubuntu1~16.04.2 running 'init-local' at Thu, 11 May 2023 18:04:10 +0000. Up 18.71 seconds.
         Starting Load AppArmor profiles managed internally by snapd...
[[0;32m  OK  [0m] Started Initial cloud-init job (pre-networking).
[[0;32m  OK  [0m] Started Load AppArmor profiles managed internally by snapd.
[[0;32m  OK  [0m] Reached target Network (Pre).
         Starting Raise network interfaces...
[[0;32m  OK  [0m] Started Set console font and keymap.
[[0;32m  OK  [0m] Created slice system-getty.slice.
[[0;32m  OK  [0m] Started Raise network interfaces.
[[0;32m  OK  [0m] Reached target Network.
         Starting Initial cloud-init job (metadata service crawler)...
[   22.217880] cloud-init[966]: Cloud-init v. 21.1-19-gbad84ad4-0ubuntu1~16.04.2 running 'init' at Thu, 11 May 2023 18:04:13 +0000. Up 21.30 seconds.
[   22.226052] cloud-init[966]: ci-info: ++++++++++++++++++++++++++++++++++++++Net device info+++++++++++++++++++++++++++++++++++++++
[   22.233480] cloud-init[966]: ci-info: +--------+-------+----------------------------+---------------+--------+-------------------+
[   22.241274] cloud-init[966]: ci-info: | Device |   Up  |          Address           |      Mask     | Scope  |     Hw-Address    |
[   22.249260] cloud-init[966]: ci-info: +--------+-------+----------------------------+---------------+--------+-------------------+
[   22.255491] cloud-init[966]: ci-info: | enp0s3 |  True |         10.0.2.15          | 255.255.255.0 | global | 02:be:82:6b:cc:1d |
[   22.262188] cloud-init[966]: ci-info: | enp0s3 |  True | fe80::be:82ff:fe6b:cc1d/64 |       .       |  link  | 02:be:82:6b:cc:1d |
[   22.269118] cloud-init[966]: ci-info: | enp0s8 | False |             .              |       .       |   .    | 08:00:27:d9:f9:cc |
[   22.276114] cloud-init[966]: ci-info: |   lo   |  True |         127.0.0.1          |   255.0.0.0   |  host  |         .         |
[   22.282980] cloud-init[966]: ci-info: |   lo   |  True |          ::1/128           |       .       |  host  |         .         |
[   22.290412] cloud-init[966]: ci-info: +--------+-------+----------------------------+---------------+--------+-------------------+
[   22.297421] cloud-init[966]: ci-info: +++++++++++++++++++++++++++Route IPv4 info++++++++++++++++++++++++++++
[   22.303282] cloud-init[966]: ci-info: +-------+-------------+----------+---------------+-----------+-------+
[   22.309719] cloud-init[966]: ci-info: | Route | Destination | Gateway  |    Genmask    | Interface | Flags |
[   22.315879] cloud-init[966]: ci-info: +-------+-------------+----------+---------------+-----------+-------+
[   22.322587] cloud-init[966]: ci-info: |   0   |   0.0.0.0   | 10.0.2.2 |    0.0.0.0    |   enp0s3  |   UG  |
[   22.328401] cloud-init[966]: ci-info: |   1   |   10.0.2.0  | 0.0.0.0  | 255.255.255.0 |   enp0s3  |   U   |
[   22.334596] cloud-init[966]: ci-info: +-------+-------------+----------+---------------+-----------+-------+
[   22.341287] cloud-init[966]: ci-info: +++++++++++++++++++Route IPv6 info+++++++++++++++++++
[   22.351568] cloud-init[966]: ci-info: +-------+-------------+---------+-----------+-------+
[   22.356532] cloud-init[966]: ci-info: | Route | Destination | Gateway | Interface | Flags |
[   22.362072] cloud-init[966]: ci-info: +-------+-------------+---------+-----------+-------+
[   22.367779] cloud-init[966]: ci-info: |   0   |  fe80::/64  |    ::   |   enp0s3  |   U   |
[   22.375003] cloud-init[966]: ci-info: |   3   |   ff00::/8  |    ::   |   enp0s3  |   U   |
[   22.380664] cloud-init[966]: ci-info: +-------+-------------+---------+-----------+-------+
[   22.389658] cloud-init[966]: Generating public/private rsa key pair.
[   22.394212] cloud-init[966]: Your identification has been saved in /etc/ssh/ssh_host_rsa_key.
[   22.399521] cloud-init[966]: Your public key has been saved in /etc/ssh/ssh_host_rsa_key.pub.
[   22.405383] cloud-init[966]: The key fingerprint is:
[   22.410538] cloud-init[966]: SHA256:1fZb/Qv1ojUjt9ynYDJpm6EpX5HzONuERCnZTGYiUDM root@ubuntu-xenial
[   22.416478] cloud-init[966]: The key's randomart image is:
[   22.422379] cloud-init[966]: +---[RSA 2048]----+
[   22.427193] cloud-init[966]: |    .oE . +      |
[   22.431443] cloud-init[966]: |       + O o     |
[   22.437262] cloud-init[966]: |        o * o    |
[   22.441301] cloud-init[966]: |         + o .  .|
[   22.445417] cloud-init[966]: |        S =   ..o|
[[   22.449594] cloud-init[966]: |         . B  .oo|
[   22.452947] cloud-init[966]: |          @ *.B o|
[   22.453728] cloud-init[966]: |      .  = % B.*o|
[   22.454498] cloud-init[966]: |       o+ + o +oo|
[   22.455231] cloud-init[966]: +----[SHA256]-----+
[   22.455988] cloud-init[966]: Generating public/private dsa key pair.
[   22.457473] cloud-init[966]: Your identification has been saved in /etc/ssh/ssh_host_dsa_key.
[   22.458819] cloud-init[966]: Your public key has been saved in /etc/ssh/ssh_host_dsa_key.pub.
[   22.459299] cloud-init[966]: The key fingerprint is:
[   22.459827] cloud-init[966]: SHA256:vE5wNc6TcOKSIs8HCSXPBx4eYU7Fxwa5AP6p2PbkbE0 root@ubuntu-xenial
[   22.461027] cloud-init[966]: The key's randomart image is:
[   22.461539] cloud-init[966]: +---[DSA 1024]----+
[   22.462037] cloud-init[966]: |  o.O+o+         |
[   22.462553] cloud-init[966]: | . @.+o +        |
[   22.463066] cloud-init[966]: |  o *..+o +      |
[   22.463643] cloud-init[966]: |   o +.+ B o     |
[   22.464345] cloud-init[966]: |  . * + S =      |
[   22.464697] cloud-init[966]: | o = oE+ . .     |
[   22.465204] cloud-init[966]: |. + +o. o        |
[   22.465721] cloud-init[966]: | . =...o         |
[   22.466239] cloud-init[966]: |   .+   .        |
[   22.466809] cloud-init[966]: +----[SHA256]-----+
[   22.467289] cloud-init[966]: Generating public/private ecdsa key pair.
[   22.467810] cloud-init[966]: Your identification has been saved in /etc/ssh/ssh_host_ecdsa_key.
[   22.469193] cloud-init[966]: Your public key has been saved in /etc/ssh/ssh_host_ecdsa_key.pub.
[   22.469694] cloud-init[966]: The key fingerprint is:
[   22.470206] cloud-init[966]: SHA256:SjSkxo8+GUuYPDEsfvQVmSqK04IGMaUdftRdxvcvQA0 root@ubuntu-xenial
[   22.470723] cloud-init[966]: The key's randomart image is:
[   22.471354] cloud-init[966]: +---[ECDSA 256]---+
[   22.471860] cloud-init[966]: | .o ...oooo Eo   |
[   22.473097] cloud-init[966]: |o= + o.oo.. o .  |
[   22.473665] cloud-init[966]: |oo*.= +.   o .   |
[   22.474966] cloud-init[966]: |oo.O.=..    . .  |
[   22.475447] cloud-init[966]: |+o*.=.o S    . . |
[   22.475992] cloud-init[966]: |=oo+ = .      . .|
[   22.477144] cloud-init[966]: |.o  = .        . |
[   22.477654] cloud-init[966]: |     .           |
[   22.478213] cloud-init[966]: |                 |
[   22.478749] cloud-init[966]: +----[SHA256]-----+
[   22.479331] cloud-init[966]: Generating public/private ed25519 key pair.
[   22.479839] cloud-init[966]: Your identification has been saved in /etc/ssh/ssh_host_ed25519_key.
[   22.480947] cloud-init[966]: Your public key has been saved in /etc/ssh/ssh_host_ed25519_key.pub.
[   22.481979] cloud-init[966]: The key fingerprint is:
[   22.482708] cloud-init[966]: SHA256:7qzgO6IyQiRKKKx/O0z3HZHz1LMMG2XkWjy1r4GhhLA root@ubuntu-xenial
[   22.483842] cloud-init[966]: The key's randomart image is:
[   22.485467] cloud-init[966]: +--[ED25519 256]--+
[   22.486155] cloud-init[966]: |      .      .. .|
[   22.486912] cloud-init[966]: |       o .   oo..|
[   22.487766] cloud-init[966]: |o     E . ...+=. |
[   22.489880] cloud-init[966]: |++       .+.+=o..|
[   22.490680] cloud-init[966]: |B       S .=o=.o.|
[   22.491550] cloud-init[966]: |o.  . ..  . o oo |
[   22.491662] cloud-init[966]: |.. o.. ... .  .  |
[   22.491747] cloud-init[966]: |+ o.=. o. .      |
[   22.493068] cloud-init[966]: |+o o+=..o        |
[   22.493799] cloud-init[966]: +----[SHA256]-----+
[0;32m  OK  [0m] Started Initial cloud-init job (metadata service crawler).
[[0;32m  OK  [0m] Reached target Network is Online.
         Starting iSCSI initiator daemon (iscsid)...
[[0;32m  OK  [0m] Reached target Cloud-config availability.
[[0;32m  OK  [0m] Reached target System Initialization.
         Starting LXD - unix socket.
[[0;32m  OK  [0m] Started Ubuntu Advantage update messaging.
[[0;32m  OK  [0m] Listening on ACPID Listen Socket.
[[0;32m  OK  [0m] Listening on D-Bus System Message Bus Socket.
[[0;32m  OK  [0m] Started Daily Cleanup of Temporary Directories.
[[0;32m  OK  [0m] Started Daily apt download activities.
[[0;32m  OK  [0m] Listening on UUID daemon activation socket.
[[0;32m  OK  [0m] Started Message of the Day.
[[0;32m  OK  [0m] Started Daily apt upgrade and clean activities.
[[0;32m  OK  [0m] Reached target Timers.
[[0;32m  OK  [0m] Started ACPI Events Check.
[[0;32m  OK  [0m] Reached target Paths.
         Starting Socket activation for snappy daemon.
[[0;32m  OK  [0m] Listening on LXD - unix socket.
[[0;32m  OK  [0m] Listening on Socket activation for snappy daemon.
[[0;32m  OK  [0m] Reached target Sockets.
[[0;32m  OK  [0m] Reached target Basic System.
         Starting LSB: MD monitoring daemon...
         Starting /etc/rc.local Compatibility...
         Starting Pollinate to seed the pseudo random number generator...
         Starting System Logging Service...
         Starting Virtualbox guest utils...
[[0;32m  OK  [0m] Started FUSE filesystem for LXC.
[[0;32m  OK  [0m] Started Deferred execution scheduler.
[[0;32m  OK  [0m] Started D-Bus System Message Bus.
[[0;32m  OK  [0m] Started ACPI event daemon.
         Starting LSB: Record successful boot for GRUB...
         Starting Login Service...
[[0;32m  OK  [0m] Started Regular background program processing daemon.
         Starting Accounts Service...
         Starting LXD - container startup/shutdown...
         Starting Snap Daemon...
[[0;32m  OK  [0m] Started System Logging Service.
[[0;32m  OK  [0m] Started iSCSI initiator daemon (iscsid).
[[0;32m  OK  [0m] Started /etc/rc.local Compatibility.
         Starting Login to default iSCSI targets...
[[0;32m  OK  [0m] Started Login Service.
[[0;32m  OK  [0m] Started Unattended Upgrades Shutdown.
[[0;32m  OK  [0m] Started LSB: MD monitoring daemon.
[[0;32m  OK  [0m] Started Login to default iSCSI targets.
[[0;32m  OK  [0m] Reached target Remote File Systems (Pre).
[[0;32m  OK  [0m] Reached target Remote File Systems.
         Starting Permit User Sessions...
         Starting LSB: automatic crash report generation...
         Starting LSB: Set the CPU Frequency Scaling governor to "ondemand"...
         Starting LSB: daemon to balance interrupts for SMP systems...
[[0;32m  OK  [0m] Started LSB: Record successful boot for GRUB.
[[0;32m  OK  [0m] Started Permit User Sessions.
         Starting Terminate Plymouth Boot Screen...
         Starting Hold until boot process finishes up...
[[0;32m  OK  [0m] Started Terminate Plymouth Boot Screen.
[[0;32m  OK  [0m] Started Hold until boot process finishes up.
[[0;32m  OK  [0m] Started Serial Getty on ttyS0.
         Starting Set console scheme...
[[0;32m  OK  [0m] Started Getty on tty1.
[[0;32m  OK  [0m] Reached target Login Prompts.
[[0;32m  OK  [0m] Started Set console scheme.
         Starting Authenticate and Authorize Users to Run Privileged Tasks...
[[0;32m  OK  [0m] Started LSB: Set the CPU Frequency Scaling governor to "ondemand".
[[0;32m  OK  [0m] Started LSB: daemon to balance interrupts for SMP systems.
[[0;32m  OK  [0m] Started LSB: automatic crash report generation.
[[0;32m  OK  [0m] Started Authenticate and Authorize Users to Run Privileged Tasks.
[[0;32m  OK  [0m] Started Accounts Service.
[[0;32m  OK  [0m] Started LXD - container startup/shutdown.
[[0;32m  OK  [0m] Started Virtualbox guest utils.
[[0;32m  OK  [0m] Started Snap Daemon.
         Starting Wait until snapd is fully seeded...
[[0;32m  OK  [0m] Started Wait until snapd is fully seeded.
         Starting Apply the settings specified in cloud-config...
[[0;32m  OK  [0m] Started Pollinate to seed the pseudo random number generator.
         Starting OpenBSD Secure Shell server...
[[0;32m  OK  [0m] Started OpenBSD Secure Shell server.
[[0;32m  OK  [0m] Reached target Multi-User System.
[[0;32m  OK  [0m] Reached target Graphical Interface.
[   26.617448] cloud-init         Starting Update UTMP about System Runlevel Changes...
[1297]: Generating locales (this might take a while)...
[[0;32m  OK  [0m] Started Update UTMP about System Runlevel Changes.
[[0;32m  OK  [0m] Created slice User Slice of vagrant.
         Starting User Manager for UID 1000...
[[0;32m  OK  [0m] Started Session 1 of user vagrant.
[[0;32m  OK  [0m] Started User Manager for UID 1000.
[   28.845222] cloud-init[1297]:   en_US.UTF-8... done
[   28.857175] cloud-init[1297]: Generation complete.

Ubuntu 16.04.7 LTS ubuntu-xenial ttyS0

ubuntu-xenial login: [   29.814202] cloud-init[1297]: Cloud-init v. 21.1-19-gbad84ad4-0ubuntu1~16.04.2 running 'modules:config' at Thu, 11 May 2023 18:04:18 +0000. Up 26.34 seconds.
ci-info: no authorized SSH keys fingerprints found for user ubuntu.
<14>May 11 18:04:23 ec2: 
<14>May 11 18:04:23 ec2: #############################################################
<14>May 11 18:04:23 ec2: -----BEGIN SSH HOST KEY FINGERPRINTS-----
<14>May 11 18:04:23 ec2: 1024 SHA256:vE5wNc6TcOKSIs8HCSXPBx4eYU7Fxwa5AP6p2PbkbE0 root@ubuntu-xenial (DSA)
<14>May 11 18:04:23 ec2: 256 SHA256:SjSkxo8+GUuYPDEsfvQVmSqK04IGMaUdftRdxvcvQA0 root@ubuntu-xenial (ECDSA)
<14>May 11 18:04:23 ec2: 256 SHA256:7qzgO6IyQiRKKKx/O0z3HZHz1LMMG2XkWjy1r4GhhLA root@ubuntu-xenial (ED25519)
<14>May 11 18:04:23 ec2: 2048 SHA256:1fZb/Qv1ojUjt9ynYDJpm6EpX5HzONuERCnZTGYiUDM root@ubuntu-xenial (RSA)
<14>May 11 18:04:23 ec2: -----END SSH HOST KEY FINGERPRINTS-----
<14>May 11 18:04:23 ec2: #############################################################
-----BEGIN SSH HOST KEY KEYS-----
ecdsa-sha2-nistp256 AAAAE2VjZHNhLXNoYTItbmlzdHAyNTYAAAAIbmlzdHAyNTYAAABBBAC8QwwMmdo+1MThre1R6qvEe1KVJzUM0QOfJFIgpCrLQzJqlhUwAYjKOmXKg/UQCGWNUbnG7mC4YpHETUTqWbM= root@ubuntu-xenial
ssh-ed25519 AAAAC3NzaC1lZDI1NTE5AAAAIKN58a9mJ8iSOh5JEKqVKYkyAzP1SwfsUhrydJr3LIxz root@ubuntu-xenial
ssh-rsa AAAAB3NzaC1yc2EAAAADAQABAAABAQDU0YoAu0C0x5f8LbE7w3YhoAjLHZVnVdnx+DtwMZD5EfNSDgkC7iyWtDiwF6NH7E/M3qZZAluuwdD92hW71o7F+/HydAJ2OaSFG400qG37HkBkiuBRCOJbLTiTfeGYH54fcBpiD6LZQ4ce+ssJ/6BMHOzcOJ9qbjw9Izp5WM15kQrOQnmq6E0cqeV7McEmwAdXBTmk1Wtkz3HiRSRrj0a9NkPr9mxrc4HCr/ZfnxENly4GFAOpW62FHnOvzn2Q2H7RdZ5VUGNB3qIJR3wVVj13zKmikdKVVycQ15wz2ugd/MKc2OCWAfvsumjxo3WBtJ2IaDZE+weUwrxW9xE/cbLL root@ubuntu-xenial
-----END SSH HOST KEY KEYS-----
[   30.850918] cloud-init[1439]: Cloud-init v. 21.1-19-gbad84ad4-0ubuntu1~16.04.2 running 'modules:final' at Thu, 11 May 2023 18:04:22 +0000. Up 30.48 seconds.
[   30.889680] cloud-init[1439]: ci-info: no authorized SSH keys fingerprints found for user ubuntu.
[   30.896753] cloud-init[1439]: Cloud-init v. 21.1-19-gbad84ad4-0ubuntu1~16.04.2 finished at Thu, 11 May 2023 18:04:23 +0000. Datasource DataSourceNoCloud [seed=/dev/sdb][dsmode=net].  Up 30.83 seconds
